vector count mismatch code=internal_error
ragged vector dims code=internal_error
Service Unavailable: /api/files/f04a19eff73b4f4eac085c33c493378d/images/img-1
========================================================================
intelligentbase 离线自检（GROUP_C 自我验证；正式测试套件属 GROUP_D）
========================================================================
PASS  core_framework_free：ib/core 不引入任何第三方顶层包（网络会失败）
PASS  no_forbidden_web_carrier：无 FastAPI/uvicorn/channels/redis 依赖
PASS  no_pymupdf：全仓无 fitz / PyMuPDF 引用（AGPL-3.0 硬约束）
PASS  port_conformance：替身与端口签名一致（VectorStore/Ledger/Blob/Embedder）
PASS  authz_injection_required：生产模式未注入策略即启动失败，且只报键名
PASS  config_error_reports_key_only：配置校验只报键名，不回显值
PASS  magic_sniff_rejects_renamed_file：改名攻击被拒（扩展名与内容不符）
PASS  ledger_state_machine_and_lease：SQLite 台账状态机 + 单租约（WAL）
PASS  isolation_scope_required：检索降级时 filter 仍含 project_id，且跨项目不可见
PASS  retrieval_happy_path：读路径**不降级**且能命中（防止『一切静默降级』掩盖缺陷）
PASS  retrieval_fail_open：embedding 不可用时降级而非抛异常（MOD-IB-15 永不抛）
PASS  sse_frame_and_done_terminator：SSE 帧格式与 done 终止条件
PASS  orchestration_events_order：degraded 先于 content，且只发一条 content
PASS  http_contract_offline：离线装配下端点状态码/头纪律（含 ?token= 显式 400）
PASS  deploy_templates_have_no_secrets：部署模板只含占位符，无真实凭据
PASS  ib_embed_config_keys：11 个键的键名清单 + 缺权重目录即拒绝（只报键名）
PASS  ib_embed_isolation：ib_embed 不 import ib；且无任何 ib.* 模块 import ib_embed（C8）
PASS  embed_three_form_conformance：http/inproc/fake 三形态通过同一端口一致性检查
PASS  ib_embed_wire_protocol：healthz 永不 5xx / 保序 / 批上限 / 过载快速失败 / 绝无部分向量
PASS  page_image_binding_and_ledger：聚合/确定性/幂等/级联删除（InMemory + SQLite）
PASS  lifecycle_nine_step_order：向量写入 → 页面图落关联 → 块元数据 → 置位（IFC-IB-280）
PASS  related_images_events：无图不发 / 载荷只有路径 / 模板与 URLconf 一致
PASS  file_image_endpoint：200 / 404（含跨项目）/ 403 / 503 / ?token= 400（IFC-IB-283）
PASS  frontend_image_discipline：走封装层取图 / 无裸 axios / 无 v-html / 不改写正文
------------------------------------------------------------------------
自检结果：24/24 通过
