### ⑤ collect-only (anti-shrink cross-check)
tests/e2e/test_user_journeys.py::test_TC_E2E_001_import_then_rag_answer
tests/e2e/test_user_journeys.py::test_TC_E2E_002_failed_then_retry
tests/e2e/test_user_journeys.py::test_TC_E2E_003_delete_removes_from_retrieval
tests/e2e/test_user_journeys.py::test_TC_E2E_004_composite_multi_expert_fused_single_answer
tests/e2e/test_user_journeys.py::test_TC_E2E_005_register_new_tool_reflected_in_digest
tests/e2e/test_user_journeys.py::test_TC_E2E_006_two_projects_configured_and_isolated
tests/e2e/test_user_journeys.py::test_TC_E2E_007_multi_format_and_chunk_config
tests/e2e/test_user_journeys.py::test_TC_E2E_014_embedding_wired_end_to_end
tests/e2e/test_user_journeys.py::test_TC_E2E_008_health_endpoints_reflect_runtime
tests/e2e/test_user_journeys.py::test_TC_E2E_009_degrade_on_llm_failure
tests/e2e/test_user_journeys.py::test_TC_E2E_010_startup_rejects_missing_projects
tests/e2e/test_user_journeys.py::test_TC_E2E_011_rebuild_journey
tests/e2e/test_user_journeys.py::test_TC_E2E_012_offline_substitutes_selected
tests/e2e/test_user_journeys.py::test_TC_E2E_013_image_seam_end_to_end
tests/integration/test_blob_delete_scope_r4.py::test_TC_INT_074_kb_upload_project_scope_delete_purges_real_bytes
tests/integration/test_blob_delete_scope_r4.py::test_TC_INT_075_http_delete_purges_real_bytes_no_orphan
tests/integration/test_blob_delete_scope_r4.py::test_TC_INT_076_delete_without_blob_reports_false
tests/integration/test_blob_delete_scope_r4.py::test_TC_INT_077_cross_project_delete_does_not_touch_other_project_blob
tests/integration/test_blob_delete_scope_r4.py::test_TC_INT_078_fresh_project_scope_delete_succeeds_without_pending_ghost
tests/integration/test_composition_retrieval.py::test_TC_INT_001_composition_assembly_is_assertable
tests/integration/test_composition_retrieval.py::test_TC_INT_002_per_project_orchestrator_cached
tests/integration/test_composition_retrieval.py::test_TC_INT_003_retrieval_happy_path_end_to_end
tests/integration/test_composition_retrieval.py::test_TC_INT_004_retrieval_project_hard_isolation
tests/integration/test_composition_retrieval.py::test_TC_INT_005_retrieval_failopen_embedder_down
tests/integration/test_composition_retrieval.py::test_TC_INT_006_retrieval_failopen_vectorstore_down
tests/integration/test_composition_retrieval.py::test_TC_INT_007_search_as_tool_shapes
tests/integration/test_composition_retrieval.py::test_TC_INT_008_bound_tool_scope_cannot_be_overridden
tests/integration/test_composition_retrieval.py::test_TC_INT_009_capability_digest_reflects_builtin_tools
tests/integration/test_composition_retrieval.py::test_TC_INT_054_vectorstore_collection_per_project_and_dim_invariant
tests/integration/test_composition_retrieval.py::test_TC_INT_073_capability_digest_matches_bound_tools
tests/integration/test_embed_conformance.py::test_TC_INT_049_three_form_descriptor_consistency
tests/integration/test_embed_conformance.py::test_TC_INT_050_ib_embed_zero_ib_coupling
tests/integration/test_embed_conformance.py::test_TC_INT_051_http_embedder_against_real_server
tests/integration/test_embed_conformance.py::test_TC_INT_052_http_embedder_fails_open_on_unreachable
tests/integration/test_embed_conformance.py::test_TC_INT_053_embed_backend_env_domain_closed
tests/integration/test_gaps_acceptance.py::test_TC_INT_055_oversize_upload_rejected_before_ledger
tests/integration/test_gaps_acceptance.py::test_TC_INT_056_unsupported_format_rejected_with_readable_reason
tests/integration/test_gaps_acceptance.py::test_TC_INT_057_retry_non_failed_conflicts_with_current_state
tests/integration/test_gaps_acceptance.py::test_TC_INT_058_delete_nonexistent_returns_404
tests/integration/test_gaps_acceptance.py::test_TC_INT_058b_retry_non_failed_returns_409
tests/integration/test_gaps_acceptance.py::test_TC_INT_060_kb_level_soft_isolation
tests/integration/test_gaps_acceptance.py::test_TC_INT_059_orchestration_core_has_no_business_domain_coupling
tests/integration/test_http_contract.py::test_TC_INT_029_healthz_public
tests/integration/test_http_contract.py::test_TC_INT_030_requires_bearer_token
tests/integration/test_http_contract.py::test_TC_INT_031_token_in_query_always_400
tests/integration/test_http_contract.py::test_TC_INT_032_project_header_mismatch_403
tests/integration/test_http_contract.py::test_TC_INT_033_upload_list_delete_roundtrip
tests/integration/test_http_contract.py::test_TC_INT_041_delete_before_bind_succeeds
tests/integration/test_http_contract.py::test_TC_INT_034_upload_validation_400
tests/integration/test_http_contract.py::test_TC_INT_035_upload_to_foreign_kb_403
tests/integration/test_http_contract.py::test_TC_INT_036_image_endpoint_200_with_fixed_mime
tests/integration/test_http_contract.py::test_TC_INT_037_image_endpoint_404_variants
tests/integration/test_http_contract.py::test_TC_INT_038_image_endpoint_query_token_400
tests/integration/test_http_contract.py::test_TC_INT_039_chat_stream_sse_contract
tests/integration/test_http_contract.py::test_TC_INT_040_rebuild_start_returns_202
tests/integration/test_ib_embed_wire.py::test_TC_INT_017_healthz_never_5xx
tests/integration/test_ib_embed_wire.py::test_TC_INT_018_embed_order_and_dim_authority
tests/integration/test_ib_embed_wire.py::test_TC_INT_019_batch_cap_echoes_max_batch
tests/integration/test_ib_embed_wire.py::test_TC_INT_020_model_mismatch_409
tests/integration/test_ib_embed_wire.py::test_TC_INT_021_not_ready_503
tests/integration/test_ib_embed_wire.py::test_TC_INT_022_invalid_request_no_partial
tests/integration/test_ib_embed_wire.py::test_TC_INT_023_no_partial_vectors_on_ragged_output
tests/integration/test_ib_embed_wire.py::test_TC_INT_024_overloaded_503_with_retry_after
tests/integration/test_ib_embed_wire.py::test_TC_INT_025_warmup_idempotent
tests/integration/test_ib_embed_wire.py::test_TC_INT_026_warmup_failure_fast_fails
tests/integration/test_ib_embed_wire.py::test_TC_INT_027_descriptor_exactly_five_fields
tests/integration/test_ib_embed_wire.py::test_TC_INT_028_unknown_path_and_query_string_dropped
tests/integration/test_lifecycle_page_images.py::test_TC_INT_010_write_order_vector_then_images_then_chunks_then_mark
tests/integration/test_lifecycle_page_images.py::test_TC_INT_011_process_pending_empty_queue_and_state
tests/integration/test_lifecycle_page_images.py::test_TC_INT_012_bind_page_images_aggregation_determinism
tests/integration/test_lifecycle_page_images.py::test_TC_INT_013_persist_page_images_idempotent_and_stale_purged
tests/integration/test_lifecycle_page_images.py::test_TC_INT_014_delete_cascades_page_images
tests/integration/test_lifecycle_page_images.py::test_TC_INT_015_document_failure_does_not_stop_batch
tests/integration/test_lifecycle_page_images.py::test_TC_INT_016_retry_only_from_failed
tests/integration/test_ops_contract.py::test_TC_INT_061_delete_before_processing_leaves_no_ghost
tests/integration/test_ops_contract.py::test_TC_INT_069_delete_indexed_document_counts_and_orphan_reconciliation
tests/integration/test_ops_contract.py::test_TC_INT_070_deleted_document_stays_unretrievable_across_reprocess
tests/integration/test_ops_contract.py::test_TC_INT_071_concurrent_delete_during_processing_skips_without_residue
tests/integration/test_ops_contract.py::test_TC_INT_068_vectorstore_impl_swappable
tests/integration/test_ops_contract.py::test_TC_INT_062_cold_hot_timeout_retry_policy_separated
tests/integration/test_ops_contract.py::test_TC_INT_063_delegation_capability_and_depth_cap
tests/integration/test_ops_contract.py::test_TC_INT_064_egress_declaration_distinguishes_local_and_cloud_llm
tests/integration/test_ops_contract.py::test_TC_INT_065_structured_log_has_pipeline_fields
tests/integration/test_ops_contract.py::test_TC_INT_066_degrade_event_carries_dependency_and_reason
tests/integration/test_ops_contract.py::test_TC_INT_067_log_level_changeable_at_runtime
tests/integration/test_orchestration_related_images.py::test_TC_INT_042_event_order_reasoning_content_done
tests/integration/test_orchestration_related_images.py::test_TC_INT_043_degraded_precedes_content
tests/integration/test_orchestration_related_images.py::test_TC_INT_044_provider_maps_hits_to_payload_paths_only
tests/integration/test_orchestration_related_images.py::test_TC_INT_045_provider_is_project_scoped
tests/integration/test_orchestration_related_images.py::test_TC_INT_046_orchestrator_emits_related_images_after_content
tests/integration/test_orchestration_related_images.py::test_TC_INT_047_orchestrator_suppresses_empty_and_provider_errors
tests/integration/test_orchestration_related_images.py::test_TC_INT_048_production_wiring_passes_empty_hits_registered
tests/unit/test_blob_kb_segment.py::test_TC_UNIT_055_kb_segment_is_single_source_of_truth
tests/unit/test_core_config_chunk_parse_stream.py::test_TC_UNIT_001_enum_wire_format
tests/unit/test_core_config_chunk_parse_stream.py::test_TC_UNIT_002_scope_requires_project_id_signature
tests/unit/test_core_config_chunk_parse_stream.py::test_TC_UNIT_003_config_defaults_are_declared
tests/unit/test_core_config_chunk_parse_stream.py::test_TC_UNIT_004_config_validation_reports_key_only_no_values
tests/unit/test_core_config_chunk_parse_stream.py::test_TC_UNIT_005_read_secret_only_from_env
tests/unit/test_core_config_chunk_parse_stream.py::test_TC_UNIT_006_env_invalid_int_raises_with_key_name
tests/unit/test_core_config_chunk_parse_stream.py::test_TC_UNIT_007_normalize_is_semantics_preserving
tests/unit/test_core_config_chunk_parse_stream.py::test_TC_UNIT_008_split_text_overlap_and_no_empty
tests/unit/test_core_config_chunk_parse_stream.py::test_TC_UNIT_009_split_text_rejects_bad_params
tests/unit/test_core_config_chunk_parse_stream.py::test_TC_UNIT_010_chunker_preserves_provenance_and_drops_empty
tests/unit/test_core_config_chunk_parse_stream.py::test_TC_UNIT_011_chunk_params_change_applies_to_new_docs_only
tests/unit/test_core_config_chunk_parse_stream.py::test_TC_UNIT_012_sniff_magic_positive_and_negative
tests/unit/test_core_config_chunk_parse_stream.py::test_TC_UNIT_012b_sniff_magic_multibyte_prefix_not_rejected
tests/unit/test_core_config_chunk_parse_stream.py::test_TC_UNIT_013_registry_unregistered_ext_raises
tests/unit/test_core_config_chunk_parse_stream.py::test_TC_UNIT_014_markdown_parser_locators
tests/unit/test_core_config_chunk_parse_stream.py::test_TC_UNIT_015_text_parser_empty_warns_not_crashes
tests/unit/test_core_config_chunk_parse_stream.py::test_TC_UNIT_016_sse_frame_format_and_done
tests/unit/test_core_config_chunk_parse_stream.py::test_TC_UNIT_017_stream_event_alias_identity
tests/unit/test_core_config_chunk_parse_stream.py::test_TC_UNIT_018_session_store_project_isolation
tests/unit/test_core_config_chunk_parse_stream.py::test_TC_UNIT_019_related_images_event_empty_suppressed
tests/unit/test_core_config_chunk_parse_stream.py::test_TC_UNIT_020_redact_default_drop_and_sensitive
tests/unit/test_core_config_chunk_parse_stream.py::test_TC_UNIT_021_redact_truncates_long_string
tests/unit/test_core_config_chunk_parse_stream.py::test_TC_UNIT_022_session_key_prefix_assert
tests/unit/test_embed_ledger.py::test_TC_UNIT_043_ib_embed_config_keys_closed_set
tests/unit/test_embed_ledger.py::test_TC_UNIT_044_ib_embed_missing_model_path_reports_key_only
tests/unit/test_embed_ledger.py::test_TC_UNIT_045_ib_embed_consumes_only_ib_keys
tests/unit/test_embed_ledger.py::test_TC_UNIT_046_fake_runtime_deterministic_and_normalized
tests/unit/test_embed_ledger.py::test_TC_UNIT_047_fake_runtime_load_failure
tests/unit/test_embed_ledger.py::test_TC_UNIT_048_fake_embedder_cold_hot_self_similarity
tests/unit/test_embed_ledger.py::test_TC_UNIT_049_embedder_descriptor_five_fields
tests/unit/test_embed_ledger.py::test_TC_UNIT_050_inproc_missing_weights_is_readable_error
tests/unit/test_embed_ledger.py::test_TC_UNIT_051_build_embedder_value_domain_and_default
tests/unit/test_embed_ledger.py::test_TC_UNIT_052_sqlite_ledger_state_machine_and_single_lease
tests/unit/test_embed_ledger.py::test_TC_UNIT_053_chunk_images_idempotent_and_cascade
tests/unit/test_embed_ledger.py::test_TC_UNIT_054_sqlite_ledger_pragma_on_connect
tests/unit/test_routing_experts_tools.py::test_TC_UNIT_023_cosine_properties
tests/unit/test_routing_experts_tools.py::test_TC_UNIT_024_score_experts_takes_max
tests/unit/test_routing_experts_tools.py::test_TC_UNIT_025_decide_tau_and_margin
tests/unit/test_routing_experts_tools.py::test_TC_UNIT_026_semantic_router_project_partition_and_failopen
tests/unit/test_routing_experts_tools.py::test_TC_UNIT_027_parse_route_output_dirty
tests/unit/test_routing_experts_tools.py::test_TC_UNIT_028_current_query_strips_history
tests/unit/test_routing_experts_tools.py::test_TC_UNIT_029_keyword_unique_single_expert
tests/unit/test_routing_experts_tools.py::test_TC_UNIT_030_composite_multi_expert_parallel_candidates
tests/unit/test_routing_experts_tools.py::test_TC_UNIT_031_never_empty_answer
tests/unit/test_routing_experts_tools.py::test_TC_UNIT_032_ood_when_allowed
tests/unit/test_routing_experts_tools.py::test_TC_UNIT_033_llm_failure_falls_back_deterministically
tests/unit/test_routing_experts_tools.py::test_TC_UNIT_034_sticky_expert_from_history
tests/unit/test_routing_experts_tools.py::test_TC_UNIT_035_guard_reroutes_to_data_expert
tests/unit/test_routing_experts_tools.py::test_TC_UNIT_036_router_determinism_same_input_same_route
tests/unit/test_routing_experts_tools.py::test_TC_UNIT_037_expert_registry_and_derived_views
tests/unit/test_routing_experts_tools.py::test_TC_UNIT_038_validate_specs_rejects_bad_registry
tests/unit/test_routing_experts_tools.py::test_TC_UNIT_039_get_missing_expert_returns_none
tests/unit/test_routing_experts_tools.py::test_TC_UNIT_040_capability_digest_from_registry
tests/unit/test_routing_experts_tools.py::test_TC_UNIT_041_bind_scope_override_impossible
tests/unit/test_routing_experts_tools.py::test_TC_UNIT_042_bind_scope_hides_scope_params

148 tests collected in 0.07s
EXIT=0
