=== C8 / FND-GROUP-D-03 独立探针（真实 HTTP 路径） ===

--- 组 1：HTTP DELETE /api/files/{id}（生产同源路径）---
  上传 HTTP 状态 = 201
  [PASS] 上传返回 201 -- 201
  上传后 BlobStore 对象数 = 1
    key(project, kb, doc, sha256[], ext) = ('p_alpha', 'kb_a', 'b18ded530ab645f6b645a9ea7acc5037')
  [PASS] 上传确实落盘了原文件 -- 1
  resolve_scope(ctx)（视图实际用）= Scope(project_id='p_alpha', kb_ids=None)  [kb_ids=None]
  [PASS] 视图 scope 的 kb_ids 确为 None（项目级） -- None
  HTTP DELETE 状态 = 200
  DeleteReport = {'vectors_deleted': 0, 'blob_deleted': False, 'ledger_deleted': True}
  [PASS] 删除返回 200 -- 200
  [PASS] ledger_deleted is True -- True
  删除后 BlobStore 对象数 = 1；本 doc 残留 = 1
  blob_deleted 字段 = False
  [PASS] 【缺陷】blob_deleted 恒为 False -- False
  [PASS] 【缺陷】原文件成为孤儿（仍在 BlobStore 内） -- 残留 1 个
  [PASS] 【对照】台账行已删（删除本身生效）

--- 组 2：对照组 —— 同一数据用 kb 级 scope 删除 ---
  上传后对象数 = 1
  kb 级 delete_document report = DeleteReport(vectors_deleted=0, blob_deleted=True, ledger_deleted=True)
  删除后对象数 = 0
  [PASS] 【对照】kb 级 scope 能删掉原文件（blob_deleted True） -- DeleteReport(vectors_deleted=0, blob_deleted=True, ledger_deleted=True)
  [PASS] 【对照】kb 级删除后无孤儿 -- 0

=== 判定 ===
  [PASS] 根因确为 scope 维度不一致（项目级 vs kb 级）
  → 非探针构造误差：同一 BlobStore，kb 级可删、HTTP 项目级删不掉。
  → 上传按 kb 落盘（lifecycle 构造 Scope(kb_ids=(record.kb_id,))），
     HTTP 删除用 resolve_scope → Scope(project_id)（kb_ids=None）→ BlobStore 回退 'default' → 删到 0 个。

结论: 未复现缺陷
