[PASS] P5 record.kb_id 与 put 落盘段同源（实证） :: record.kb_id='kb_a' ref段='kb_a' 磁盘段='kb_a'
[PASS] P1 前置：HTTP 视图 scope 为项目级（kb_ids=None，缺陷触发条件） :: view_scope=Scope(project_id='p_alpha', kb_ids=None)
[PASS] P1 HTTP 删除返回 200 且 blob_deleted 为 True :: status=200 body={'vectors_deleted': 0, 'blob_deleted': True, 'ledger_deleted': True}
[PASS] P1 删除后真实根目录 0 残留字节（rglob 全根） :: 删除前=['p_alpha/kb_a/cc3465874f80472aadd72bb76cd2eb17/c771251b1c09accfc1ddd2be2aea6412085a825ef273675e88c3c90e2e1e8ca4.txt'] 删除后=[]
[PASS] P1 本用例自身字节已消失（单例归因，不与其他用例级联） :: own_file=C:\Users\胖子熊\AppData\Local\Temp\verify-r4-di4thu_k\blobs\p_alpha\kb_a\cc3465874f80472aadd72bb76cd2eb17\c771251b1c09accfc1ddd2be2aea6412085a825ef273675e88c3c90e2e1e8ca4.txt exists=False
[PASS] P1 doc 目录与空 kb 目录均已消失 :: 剩余目录=['p_alpha']
[PASS] P1 台账行已删除
[PASS] P2 对照组 kb 级删除：本用例自身字节已消失 :: own_file=C:\Users\胖子熊\AppData\Local\Temp\verify-r4-di4thu_k\blobs\p_alpha\kb_a\9db89ab98ec54288b486c78a18b0fd63\843306360db15d5e8af5473a0da4c3ce7df2634beb693ecb38fcca05e45ad5da.txt exists=False
[PASS] P2 对照组 kb 级删除：blob_deleted=True 且全根 0 残留 :: report=DeleteReport(vectors_deleted=0, blob_deleted=True, ledger_deleted=True) 残留=[]
[PASS] P4 前置：落盘段为 kb_b :: rel_path=p_alpha/kb_b/cf7f63ca4b804cf19a201619aa5fd6c6/ba7ff12346e96a1e8d220cd3dffd6edf1363e1977d5eef74287f41a54fd4e544.txt
[PASS] P4 (c) 组合：本用例自身字节已消失 :: own_file=C:\Users\胖子熊\AppData\Local\Temp\verify-r4-di4thu_k\blobs\p_alpha\kb_b\cf7f63ca4b804cf19a201619aa5fd6c6\ba7ff12346e96a1e8d220cd3dffd6edf1363e1977d5eef74287f41a54fd4e544.txt exists=False
[PASS] P4 (c) 组合 kb 级上传→kb 级删除：blob_deleted=True 且全根 0 残留 :: report=DeleteReport(vectors_deleted=0, blob_deleted=True, ledger_deleted=True) 残留=[]
[PASS] P3 (b) 项目级上传落盘段为 default 且 record.kb_id 为空 :: record.kb_id='' rel_path=p_alpha/default/5c686c79941c4145bf42077696612eba/97af35e3f891bac26d23aaac889de752e92b9db3c158b51113c0f59bd6fe0313.txt
[PASS] P3 (b) 组合：本用例自身字节已消失 :: own_file=C:\Users\胖子熊\AppData\Local\Temp\verify-r4-di4thu_k\blobs\p_alpha\default\5c686c79941c4145bf42077696612eba\97af35e3f891bac26d23aaac889de752e92b9db3c158b51113c0f59bd6fe0313.txt exists=False
[PASS] P3 (b) 组合 项目级上传→项目级删除：blob_deleted=True 且全根 0 残留 :: report=DeleteReport(vectors_deleted=0, blob_deleted=True, ledger_deleted=True) 残留=[]
[PASS] P7 无原文件（data=None）删除如实报 blob_deleted=False（不得恒 True 掩盖） :: report=DeleteReport(vectors_deleted=0, blob_deleted=False, ledger_deleted=True) sha256=''
[PASS] P6 用错配 kb scope 删除 → NotFoundError 且字节保留（不越权删） :: raised='NotFoundError' 字节仍在=True
[PASS] P6 收尾后全根 0 残留 :: 残留=[]
[PASS] P8 不回归 FND-GROUP-D-02：项目级删除成功(非500路径) 且 worker 不再认领（无 pending 幽灵） :: report=DeleteReport(vectors_deleted=0, blob_deleted=True, ledger_deleted=True) process=ProcessReport(processed=0, succeeded=0, failed=0, skipped=0) 残留=[]
------------------------------------------------------------------------
TOTAL=19 PASS=19 FAIL=0
