=== C7 / FND-GROUP-D-02 独立探针（正向） ===
  上传 doc_id = 8ec1057d84e7433fa380a6ceabd4e399  status = pending
  删除前台账行 = True
  A: delete_document 未抛；report = DeleteReport(vectors_deleted=0, blob_deleted=True, ledger_deleted=True)
  [PASS] A 尚无事发生时删除成功（未抛 StartupError）
  [PASS] A2 vectors_deleted == 0（本项目尚无派生物） -- DeleteReport(vectors_deleted=0, blob_deleted=True, ledger_deleted=True)
  [PASS] A3 ledger_deleted is True
  [PASS] B 台账行已删（get_document → None）
  C: process_pending = ProcessReport(processed=0, succeeded=0, failed=0, skipped=0)
  [PASS] C1 worker 未认领已删行 -- ProcessReport(processed=0, succeeded=0, failed=0, skipped=0)
  C2 检索命中数 = 0
  [PASS] C2 检索不到已删内容（无幽灵）
  [PASS] C3 向量侧无残留
  [PASS] C4 对账无孤儿行

=== 反例（不得为修 A 破坏 B） ===
  D: 抛出 NotFoundError（正确）: [not_found] 文档不存在或不在当前作用域内
  [PASS] D 删除不存在文档仍抛 NotFoundError
  D2: 抛出 NotFoundError（正确）
  [PASS] D2 跨作用域删除抛 NotFoundError

  E: 真缺 collection 的 fail-closed 行为
  E: 台账先行 NotFoundError（可接受的 fail-closed，未静默成功）
  [PASS] E 真缺 collection fail-closed（未静默成功）

结论: PASS —— FND-GROUP-D-02 正向已闭合，且反例（404 语义）仍成立
