
>>> MUTANT fnd02 已注入：_bind_write_collection 变为 no-op（回退 FND-02 修复）
.FF                                                                      [100%]
================================== FAILURES ===================================
_________________ test_TC_INT_041_delete_before_bind_succeeds _________________

http_app = (Deps(cfg=GlobalConfig(config_source='dict', offline_mode=True, ledger_backend='memory', ledger_path='./var/ledger/led...]), capability_digest='- search_knowledge: 在企业知识库中检索与问题相关的资料片段，返回文件名与位置（需要范围绑定）'), <class 'django.test.client.Client'>)

    def test_TC_INT_041_delete_before_bind_succeeds(http_app):
        """[TC-INT-041] 未绑定 collection 的项目删除刚上传的文档 → **成功**（R3 修复 FND-GROUP-D-02 的**正向回归守卫**）。
    
        修复前：删除路径假定「向量库恰好已被别处绑定」，而组合根启动期只 `ensure_collection`（建库）
        而**不** `bind_collection`，于是「上传后立刻删除」（本项目尚无事发生）必抛 `StartupError`
        → HTTP 500，且台账行残留（用户以为删了、内容仍在作答）。
        修复后：删除路径经 `CollectionResolver` 自绑写路径 collection，「本项目尚无派生物」自然收敛为
        `vectors_deleted=0` 的**成功**，台账行被删除。
    
        本条**正向断言修复后的真值**；若退回 500（或台账行残留），将**响亮失败**。
        """
        from django.core.files.uploadedfile import SimpleUploadedFile
    
        client = _client(http_app)  # 该夹具每次 fresh 装配 → collection 尚未绑定
        up = SimpleUploadedFile("fresh.txt", "刚上传还没被 worker 处理。".encode("utf-8"))
        r = client.post("/api/files", {"kb_id": "kb_a", "file": up}, **AUTH)
        assert r.status_code == 201
        record = json.loads(r.content)
    
        deleted = client.delete(f"/api/files/{record['doc_id']}", **AUTH)
>       assert deleted.status_code == 200, deleted.content
E       AssertionError: b'{"error": {"code": "startup_error", "message": "[startup_error] InMemoryVectorStore \xe6\x9c\xaa\xe7\xbb\x91\xe5\xae...b\x84\xe5\x90\x88\xe6\xa0\xb9\xe7\xbb\x8f bind_collection(...) \xe6\xb3\xa8\xe5\x85\xa5\xef\xbc\x88FM-5\xef\xbc\x89"}}'
E       assert 500 == 200
E        +  where 500 = <JsonResponse status_code=500, "application/json">.status_code

tests\integration\test_http_contract.py:124: AssertionError
---------------------------- Captured stderr call -----------------------------
Internal Server Error: /api/files/23f0b5305417483da2b99ba380881fe2
------------------------------ Captured log call ------------------------------
ERROR    django.request:log.py:249 Internal Server Error: /api/files/23f0b5305417483da2b99ba380881fe2
__________ test_TC_INT_061_delete_before_processing_leaves_no_ghost ___________

deps = Deps(cfg=GlobalConfig(config_source='dict', offline_mode=True, ledger_backend='memory', ledger_path='./var/ledger/ledg...e, endpoint_host='', data_categories=[]), capability_digest='- search_knowledge: 在企业知识库中检索与问题相关的资料片段，返回文件名与位置（需要范围绑定）')

    def test_TC_INT_061_delete_before_processing_leaves_no_ghost(deps):
        """[TC-INT-061] 删除刚上传（pending）的文档 → 成功且不留「幽灵」（R3 修复 FND-GROUP-D-02 的**正向回归守卫**；AC-IB-02-04 / AC-IB-03-03）。
    
        修复前：collection 未绑定 → `delete_document` 抛 `StartupError`，用户以为删除失败而**未删成**；
        worker 随后照常处理 → 该文档变 `indexed` **并可被检索到**（即「已删内容仍被作答」）。
        修复后：删除成功、台账行删除（读路径权威）；worker 的 `process_pending` 不会认领已删行，
        检索不到该内容，向量侧无残留。
    
        本条**正向断言修复后的真值**；若幽灵复活将**响亮失败**。
        """
        from ib.core import Scope
        from conftest import request_ctx
    
        scope = Scope("p_alpha", ("kb_a",))
        record = deps.lifecycle.submit_upload(
            request_ctx("p_alpha"),
            deps.lifecycle.validate_upload("ghost.txt", 8, b"ghostabc"),
            "kb_a",
            data=io.BytesIO(b"ghostabc"),
        )
>       report = deps.lifecycle.delete_document(scope, record.doc_id)  # 修复后：不抛
                 ^^^^^^^^^^^^^^^^^^^^^^^^^^^^^^^^^^^^^^^^^^^^^^^^^^^^

tests\integration\test_ops_contract.py:88: 
_ _ _ _ _ _ _ _ _ _ _ _ _ _ _ _ _ _ _ _ _ _ _ _ _ _ _ _ _ _ _ _ _ _ _ _ _ _ _ _
src\ib\lifecycle\__init__.py:686: in delete_document
    vectors_deleted = int(self._vectors.delete_by_doc(scope, doc_id))
                          ^^^^^^^^^^^^^^^^^^^^^^^^^^^^^^^^^^^^^^^^^^
src\ib\vectorstore\__init__.py:244: in delete_by_doc
    return self._delete_where(scope, (doc_id,))
           ^^^^^^^^^^^^^^^^^^^^^^^^^^^^^^^^^^^^
src\ib\vectorstore\__init__.py:230: in _delete_where
    collection = self._collections.get(self._require_collection())
                                       ^^^^^^^^^^^^^^^^^^^^^^^^^^
_ _ _ _ _ _ _ _ _ _ _ _ _ _ _ _ _ _ _ _ _ _ _ _ _ _ _ _ _ _ _ _ _ _ _ _ _ _ _ _

self = <ib.vectorstore.InMemoryVectorStore object at 0x0000018567F34D60>

    def _require_collection(self) -> str:
        if not self._bound_collection:
>           raise StartupError(
                "InMemoryVectorStore 未绑定 collection 名；必须由组合根经 bind_collection(...) 注入（FM-5）"
            )
E           ib.core.errors.StartupError: [startup_error] InMemoryVectorStore 未绑定 collection 名；必须由组合根经 bind_collection(...) 注入（FM-5）

src\ib\vectorstore\__init__.py:106: StartupError
=========================== short test summary info ===========================
FAILED tests/integration/test_http_contract.py::test_TC_INT_041_delete_before_bind_succeeds
FAILED tests/integration/test_ops_contract.py::test_TC_INT_061_delete_before_processing_leaves_no_ghost
2 failed, 1 passed in 0.34s
