...........................................................F............ [ 50%]
......................................................................   [100%]
================================== FAILURES ===================================
__________________ test_TC_INT_026_warmup_failure_fast_fails __________________

    def test_TC_INT_026_warmup_failure_fast_fails():
        """[TC-INT-026] 权重不可用 → /warmup 快速失败 500（而非挂死）。"""
        from ib_embed.runtime import FakeRuntime
    
        runtime = FakeRuntime(dim=1024, model_id="fake-bge-m3")
        runtime.fail_next_load()
        with _Server(_cfg(IB_EMBED_MODEL_ID="fake-bge-m3"), runtime) as server:
>           status, body = server.post("/warmup")
                           ^^^^^^^^^^^^^^^^^^^^^^

tests\integration\test_ib_embed_wire.py:286: 
_ _ _ _ _ _ _ _ _ _ _ _ _ _ _ _ _ _ _ _ _ _ _ _ _ _ _ _ _ _ _ _ _ _ _ _ _ _ _ _
tests\integration\test_ib_embed_wire.py:62: in post
    with urllib.request.urlopen(req, timeout=5) as resp:
         ^^^^^^^^^^^^^^^^^^^^^^^^^^^^^^^^^^^^^^
C:\Python314\Lib\urllib\request.py:187: in urlopen
    return opener.open(url, data, timeout)
           ^^^^^^^^^^^^^^^^^^^^^^^^^^^^^^^
C:\Python314\Lib\urllib\request.py:487: in open
    response = self._open(req, data)
               ^^^^^^^^^^^^^^^^^^^^^
C:\Python314\Lib\urllib\request.py:504: in _open
    result = self._call_chain(self.handle_open, protocol, protocol +
C:\Python314\Lib\urllib\request.py:464: in _call_chain
    result = func(*args)
             ^^^^^^^^^^^
C:\Python314\Lib\urllib\request.py:1350: in http_open
    return self.do_open(http.client.HTTPConnection, req)
           ^^^^^^^^^^^^^^^^^^^^^^^^^^^^^^^^^^^^^^^^^^^^^
C:\Python314\Lib\urllib\request.py:1325: in do_open
    r = h.getresponse()
        ^^^^^^^^^^^^^^^
C:\Python314\Lib\http\client.py:1459: in getresponse
    response.begin()
C:\Python314\Lib\http\client.py:336: in begin
    version, status, reason = self._read_status()
                              ^^^^^^^^^^^^^^^^^^^
C:\Python314\Lib\http\client.py:297: in _read_status
    line = str(self.fp.readline(_MAXLINE + 1), "iso-8859-1")
               ^^^^^^^^^^^^^^^^^^^^^^^^^^^^^^
_ _ _ _ _ _ _ _ _ _ _ _ _ _ _ _ _ _ _ _ _ _ _ _ _ _ _ _ _ _ _ _ _ _ _ _ _ _ _ _

self = <socket.SocketIO object at 0x000001A04FA19510>
b = <memory at 0x000001A04FBC3880>

    def readinto(self, b):
        """Read up to len(b) bytes into the writable buffer *b* and return
        the number of bytes read.  If the socket is non-blocking and no bytes
        are available, None is returned.
    
        If *b* is non-empty, a 0 return value indicates that the connection
        was shutdown at the other end.
        """
        self._checkClosed()
        self._checkReadable()
        if self._timeout_occurred:
            raise OSError("cannot read from timed out object")
        try:
>           return self._sock.recv_into(b)
                   ^^^^^^^^^^^^^^^^^^^^^^^
E           ConnectionAbortedError: [WinError 10053] 你的主机中的软件中止了一个已建立的连接。

C:\Python314\Lib\socket.py:729: ConnectionAbortedError
=========================== short test summary info ===========================
FAILED tests/integration/test_ib_embed_wire.py::test_TC_INT_026_warmup_failure_fast_fails
1 failed, 141 passed in 14.15s
